<?xml version="1.0" encoding="UTF-8"?>
<testsuites>
  <testsuite name="/Users/air/work/source/php-monorepo/packages/quic-core/phpunit.xml" tests="152" assertions="857" errors="0" failures="0" skipped="0" time="0.031335">
    <testsuite name="QUIC Core Test Suite" tests="152" assertions="857" errors="0" failures="0" skipped="0" time="0.031335">
      <testsuite name="Tourze\QUIC\Core\Tests\ConnectionIdTest" file="/Users/air/work/source/php-monorepo/packages/quic-core/tests/ConnectionIdTest.php" tests="23" assertions="115" errors="0" failures="0" skipped="0" time="0.010261">
        <testcase name="testGenerateDefault" file="/Users/air/work/source/php-monorepo/packages/quic-core/tests/ConnectionIdTest.php" line="22" class="Tourze\QUIC\Core\Tests\ConnectionIdTest" classname="Tourze.QUIC.Core.Tests.ConnectionIdTest" assertions="1" time="0.004045"/>
        <testcase name="testGenerateWithLength" file="/Users/air/work/source/php-monorepo/packages/quic-core/tests/ConnectionIdTest.php" line="31" class="Tourze\QUIC\Core\Tests\ConnectionIdTest" classname="Tourze.QUIC.Core.Tests.ConnectionIdTest" assertions="21" time="0.000204"/>
        <testcase name="testGenerateInvalidLength" file="/Users/air/work/source/php-monorepo/packages/quic-core/tests/ConnectionIdTest.php" line="42" class="Tourze\QUIC\Core\Tests\ConnectionIdTest" classname="Tourze.QUIC.Core.Tests.ConnectionIdTest" assertions="2" time="0.001262"/>
        <testcase name="testGenerateNegativeLength" file="/Users/air/work/source/php-monorepo/packages/quic-core/tests/ConnectionIdTest.php" line="52" class="Tourze\QUIC\Core\Tests\ConnectionIdTest" classname="Tourze.QUIC.Core.Tests.ConnectionIdTest" assertions="2" time="0.000126"/>
        <testcase name="testValidate" file="/Users/air/work/source/php-monorepo/packages/quic-core/tests/ConnectionIdTest.php" line="62" class="Tourze\QUIC\Core\Tests\ConnectionIdTest" classname="Tourze.QUIC.Core.Tests.ConnectionIdTest" assertions="4" time="0.000301"/>
        <testcase name="testRandomGeneration" file="/Users/air/work/source/php-monorepo/packages/quic-core/tests/ConnectionIdTest.php" line="76" class="Tourze\QUIC\Core\Tests\ConnectionIdTest" classname="Tourze.QUIC.Core.Tests.ConnectionIdTest" assertions="40" time="0.001179"/>
        <testcase name="testRandomInvalidParameters" file="/Users/air/work/source/php-monorepo/packages/quic-core/tests/ConnectionIdTest.php" line="89" class="Tourze\QUIC\Core\Tests\ConnectionIdTest" classname="Tourze.QUIC.Core.Tests.ConnectionIdTest" assertions="2" time="0.000810"/>
        <testcase name="testEquals" file="/Users/air/work/source/php-monorepo/packages/quic-core/tests/ConnectionIdTest.php" line="99" class="Tourze\QUIC\Core\Tests\ConnectionIdTest" classname="Tourze.QUIC.Core.Tests.ConnectionIdTest" assertions="2" time="0.000182"/>
        <testcase name="testToHex" file="/Users/air/work/source/php-monorepo/packages/quic-core/tests/ConnectionIdTest.php" line="112" class="Tourze\QUIC\Core\Tests\ConnectionIdTest" classname="Tourze.QUIC.Core.Tests.ConnectionIdTest" assertions="3" time="0.000175"/>
        <testcase name="testFromHex" file="/Users/air/work/source/php-monorepo/packages/quic-core/tests/ConnectionIdTest.php" line="122" class="Tourze\QUIC\Core\Tests\ConnectionIdTest" classname="Tourze.QUIC.Core.Tests.ConnectionIdTest" assertions="3" time="0.000731"/>
        <testcase name="testFromInvalidHex" file="/Users/air/work/source/php-monorepo/packages/quic-core/tests/ConnectionIdTest.php" line="132" class="Tourze\QUIC\Core\Tests\ConnectionIdTest" classname="Tourze.QUIC.Core.Tests.ConnectionIdTest" assertions="2" time="0.000176"/>
        <testcase name="testFromOddLengthHex" file="/Users/air/work/source/php-monorepo/packages/quic-core/tests/ConnectionIdTest.php" line="142" class="Tourze\QUIC\Core\Tests\ConnectionIdTest" classname="Tourze.QUIC.Core.Tests.ConnectionIdTest" assertions="2" time="0.000188"/>
        <testcase name="testGetLength" file="/Users/air/work/source/php-monorepo/packages/quic-core/tests/ConnectionIdTest.php" line="152" class="Tourze\QUIC\Core\Tests\ConnectionIdTest" classname="Tourze.QUIC.Core.Tests.ConnectionIdTest" assertions="3" time="0.000083"/>
        <testcase name="testIsEmpty" file="/Users/air/work/source/php-monorepo/packages/quic-core/tests/ConnectionIdTest.php" line="162" class="Tourze\QUIC\Core\Tests\ConnectionIdTest" classname="Tourze.QUIC.Core.Tests.ConnectionIdTest" assertions="2" time="0.000062"/>
        <testcase name="testToString" file="/Users/air/work/source/php-monorepo/packages/quic-core/tests/ConnectionIdTest.php" line="171" class="Tourze\QUIC\Core\Tests\ConnectionIdTest" classname="Tourze.QUIC.Core.Tests.ConnectionIdTest" assertions="2" time="0.000064"/>
        <testcase name="testGenerateMultiple" file="/Users/air/work/source/php-monorepo/packages/quic-core/tests/ConnectionIdTest.php" line="180" class="Tourze\QUIC\Core\Tests\ConnectionIdTest" classname="Tourze.QUIC.Core.Tests.ConnectionIdTest" assertions="6" time="0.000202"/>
        <testcase name="testGenerateMultipleNegativeCount" file="/Users/air/work/source/php-monorepo/packages/quic-core/tests/ConnectionIdTest.php" line="193" class="Tourze\QUIC\Core\Tests\ConnectionIdTest" classname="Tourze.QUIC.Core.Tests.ConnectionIdTest" assertions="2" time="0.000070"/>
        <testcase name="testIsValidSequenceNumber" file="/Users/air/work/source/php-monorepo/packages/quic-core/tests/ConnectionIdTest.php" line="203" class="Tourze\QUIC\Core\Tests\ConnectionIdTest" classname="Tourze.QUIC.Core.Tests.ConnectionIdTest" assertions="4" time="0.000069"/>
        <testcase name="testGenerateResetToken" file="/Users/air/work/source/php-monorepo/packages/quic-core/tests/ConnectionIdTest.php" line="214" class="Tourze\QUIC\Core\Tests\ConnectionIdTest" classname="Tourze.QUIC.Core.Tests.ConnectionIdTest" assertions="1" time="0.000069"/>
        <testcase name="testGenerateResetTokenInvalidSecret" file="/Users/air/work/source/php-monorepo/packages/quic-core/tests/ConnectionIdTest.php" line="226" class="Tourze\QUIC\Core\Tests\ConnectionIdTest" classname="Tourze.QUIC.Core.Tests.ConnectionIdTest" assertions="2" time="0.000067"/>
        <testcase name="testVerifyResetToken" file="/Users/air/work/source/php-monorepo/packages/quic-core/tests/ConnectionIdTest.php" line="236" class="Tourze\QUIC\Core\Tests\ConnectionIdTest" classname="Tourze.QUIC.Core.Tests.ConnectionIdTest" assertions="3" time="0.000067"/>
        <testcase name="testVerifyResetTokenInvalidLength" file="/Users/air/work/source/php-monorepo/packages/quic-core/tests/ConnectionIdTest.php" line="250" class="Tourze\QUIC\Core\Tests\ConnectionIdTest" classname="Tourze.QUIC.Core.Tests.ConnectionIdTest" assertions="1" time="0.000055"/>
        <testcase name="testHexRoundTrip" file="/Users/air/work/source/php-monorepo/packages/quic-core/tests/ConnectionIdTest.php" line="261" class="Tourze\QUIC\Core\Tests\ConnectionIdTest" classname="Tourze.QUIC.Core.Tests.ConnectionIdTest" assertions="5" time="0.000075"/>
      </testsuite>
      <testsuite name="Tourze\QUIC\Core\Tests\ConstantsTest" file="/Users/air/work/source/php-monorepo/packages/quic-core/tests/ConstantsTest.php" tests="17" assertions="90" errors="0" failures="0" skipped="0" time="0.001465">
        <testcase name="testVersionConstants" file="/Users/air/work/source/php-monorepo/packages/quic-core/tests/ConstantsTest.php" line="20" class="Tourze\QUIC\Core\Tests\ConstantsTest" classname="Tourze.QUIC.Core.Tests.ConstantsTest" assertions="2" time="0.000068"/>
        <testcase name="testPacketSizeConstants" file="/Users/air/work/source/php-monorepo/packages/quic-core/tests/ConstantsTest.php" line="29" class="Tourze\QUIC\Core\Tests\ConstantsTest" classname="Tourze.QUIC.Core.Tests.ConstantsTest" assertions="3" time="0.000063"/>
        <testcase name="testConnectionIdConstants" file="/Users/air/work/source/php-monorepo/packages/quic-core/tests/ConstantsTest.php" line="39" class="Tourze\QUIC\Core\Tests\ConstantsTest" classname="Tourze.QUIC.Core.Tests.ConstantsTest" assertions="3" time="0.000062"/>
        <testcase name="testTimeoutConstants" file="/Users/air/work/source/php-monorepo/packages/quic-core/tests/ConstantsTest.php" line="49" class="Tourze\QUIC\Core\Tests\ConstantsTest" classname="Tourze.QUIC.Core.Tests.ConstantsTest" assertions="4" time="0.000064"/>
        <testcase name="testFlowControlConstants" file="/Users/air/work/source/php-monorepo/packages/quic-core/tests/ConstantsTest.php" line="60" class="Tourze\QUIC\Core\Tests\ConstantsTest" classname="Tourze.QUIC.Core.Tests.ConstantsTest" assertions="4" time="0.000064"/>
        <testcase name="testVarintConstants" file="/Users/air/work/source/php-monorepo/packages/quic-core/tests/ConstantsTest.php" line="71" class="Tourze\QUIC\Core\Tests\ConstantsTest" classname="Tourze.QUIC.Core.Tests.ConstantsTest" assertions="4" time="0.000064"/>
        <testcase name="testFrameSizeConstants" file="/Users/air/work/source/php-monorepo/packages/quic-core/tests/ConstantsTest.php" line="82" class="Tourze\QUIC\Core\Tests\ConstantsTest" classname="Tourze.QUIC.Core.Tests.ConstantsTest" assertions="2" time="0.000055"/>
        <testcase name="testEncryptionLevelConstants" file="/Users/air/work/source/php-monorepo/packages/quic-core/tests/ConstantsTest.php" line="91" class="Tourze\QUIC\Core\Tests\ConstantsTest" classname="Tourze.QUIC.Core.Tests.ConstantsTest" assertions="4" time="0.000066"/>
        <testcase name="testTransportParameterConstants" file="/Users/air/work/source/php-monorepo/packages/quic-core/tests/ConstantsTest.php" line="102" class="Tourze\QUIC\Core\Tests\ConstantsTest" classname="Tourze.QUIC.Core.Tests.ConstantsTest" assertions="17" time="0.000120"/>
        <testcase name="testDefaultTransportParameterConstants" file="/Users/air/work/source/php-monorepo/packages/quic-core/tests/ConstantsTest.php" line="126" class="Tourze\QUIC\Core\Tests\ConstantsTest" classname="Tourze.QUIC.Core.Tests.ConstantsTest" assertions="3" time="0.000064"/>
        <testcase name="testRetransmissionConstants" file="/Users/air/work/source/php-monorepo/packages/quic-core/tests/ConstantsTest.php" line="136" class="Tourze\QUIC\Core\Tests\ConstantsTest" classname="Tourze.QUIC.Core.Tests.ConstantsTest" assertions="5" time="0.000074"/>
        <testcase name="testCongestionControlConstants" file="/Users/air/work/source/php-monorepo/packages/quic-core/tests/ConstantsTest.php" line="148" class="Tourze\QUIC\Core\Tests\ConstantsTest" classname="Tourze.QUIC.Core.Tests.ConstantsTest" assertions="3" time="0.000062"/>
        <testcase name="testPathValidationConstants" file="/Users/air/work/source/php-monorepo/packages/quic-core/tests/ConstantsTest.php" line="158" class="Tourze\QUIC\Core\Tests\ConstantsTest" classname="Tourze.QUIC.Core.Tests.ConstantsTest" assertions="2" time="0.000056"/>
        <testcase name="testECNConstants" file="/Users/air/work/source/php-monorepo/packages/quic-core/tests/ConstantsTest.php" line="167" class="Tourze\QUIC\Core\Tests\ConstantsTest" classname="Tourze.QUIC.Core.Tests.ConstantsTest" assertions="4" time="0.000063"/>
        <testcase name="testGetVersionString" file="/Users/air/work/source/php-monorepo/packages/quic-core/tests/ConstantsTest.php" line="178" class="Tourze\QUIC\Core\Tests\ConstantsTest" classname="Tourze.QUIC.Core.Tests.ConstantsTest" assertions="3" time="0.000062"/>
        <testcase name="testIsSupportedVersion" file="/Users/air/work/source/php-monorepo/packages/quic-core/tests/ConstantsTest.php" line="188" class="Tourze\QUIC\Core\Tests\ConstantsTest" classname="Tourze.QUIC.Core.Tests.ConstantsTest" assertions="4" time="0.000064"/>
        <testcase name="testGetDefaultTransportParameters" file="/Users/air/work/source/php-monorepo/packages/quic-core/tests/ConstantsTest.php" line="199" class="Tourze\QUIC\Core\Tests\ConstantsTest" classname="Tourze.QUIC.Core.Tests.ConstantsTest" assertions="23" time="0.000396"/>
      </testsuite>
      <testsuite name="Tourze\QUIC\Core\Tests\Enum\ConnectionStateTest" file="/Users/air/work/source/php-monorepo/packages/quic-core/tests/Enum/ConnectionStateTest.php" tests="12" assertions="75" errors="0" failures="0" skipped="0" time="0.001628">
        <testcase name="testEnumValues" file="/Users/air/work/source/php-monorepo/packages/quic-core/tests/Enum/ConnectionStateTest.php" line="20" class="Tourze\QUIC\Core\Tests\Enum\ConnectionStateTest" classname="Tourze.QUIC.Core.Tests.Enum.ConnectionStateTest" assertions="6" time="0.000704"/>
        <testcase name="testCanSendData" file="/Users/air/work/source/php-monorepo/packages/quic-core/tests/Enum/ConnectionStateTest.php" line="33" class="Tourze\QUIC\Core\Tests\Enum\ConnectionStateTest" classname="Tourze.QUIC.Core.Tests.Enum.ConnectionStateTest" assertions="6" time="0.000127"/>
        <testcase name="testCanReceiveData" file="/Users/air/work/source/php-monorepo/packages/quic-core/tests/Enum/ConnectionStateTest.php" line="46" class="Tourze\QUIC\Core\Tests\Enum\ConnectionStateTest" classname="Tourze.QUIC.Core.Tests.Enum.ConnectionStateTest" assertions="6" time="0.000081"/>
        <testcase name="testIsHandshaking" file="/Users/air/work/source/php-monorepo/packages/quic-core/tests/Enum/ConnectionStateTest.php" line="59" class="Tourze\QUIC\Core\Tests\Enum\ConnectionStateTest" classname="Tourze.QUIC.Core.Tests.Enum.ConnectionStateTest" assertions="6" time="0.000073"/>
        <testcase name="testIsConnected" file="/Users/air/work/source/php-monorepo/packages/quic-core/tests/Enum/ConnectionStateTest.php" line="72" class="Tourze\QUIC\Core\Tests\Enum\ConnectionStateTest" classname="Tourze.QUIC.Core.Tests.Enum.ConnectionStateTest" assertions="6" time="0.000091"/>
        <testcase name="testIsClosed" file="/Users/air/work/source/php-monorepo/packages/quic-core/tests/Enum/ConnectionStateTest.php" line="85" class="Tourze\QUIC\Core\Tests\Enum\ConnectionStateTest" classname="Tourze.QUIC.Core.Tests.Enum.ConnectionStateTest" assertions="6" time="0.000070"/>
        <testcase name="testCanSendStreamData" file="/Users/air/work/source/php-monorepo/packages/quic-core/tests/Enum/ConnectionStateTest.php" line="98" class="Tourze\QUIC\Core\Tests\Enum\ConnectionStateTest" classname="Tourze.QUIC.Core.Tests.Enum.ConnectionStateTest" assertions="6" time="0.000084"/>
        <testcase name="testCanCreateStream" file="/Users/air/work/source/php-monorepo/packages/quic-core/tests/Enum/ConnectionStateTest.php" line="111" class="Tourze\QUIC\Core\Tests\Enum\ConnectionStateTest" classname="Tourze.QUIC.Core.Tests.Enum.ConnectionStateTest" assertions="6" time="0.000073"/>
        <testcase name="testIsActive" file="/Users/air/work/source/php-monorepo/packages/quic-core/tests/Enum/ConnectionStateTest.php" line="124" class="Tourze\QUIC\Core\Tests\Enum\ConnectionStateTest" classname="Tourze.QUIC.Core.Tests.Enum.ConnectionStateTest" assertions="6" time="0.000068"/>
        <testcase name="testGetValidTransitions" file="/Users/air/work/source/php-monorepo/packages/quic-core/tests/Enum/ConnectionStateTest.php" line="137" class="Tourze\QUIC\Core\Tests\Enum\ConnectionStateTest" classname="Tourze.QUIC.Core.Tests.Enum.ConnectionStateTest" assertions="6" time="0.000096"/>
        <testcase name="testCanTransitionTo" file="/Users/air/work/source/php-monorepo/packages/quic-core/tests/Enum/ConnectionStateTest.php" line="173" class="Tourze\QUIC\Core\Tests\Enum\ConnectionStateTest" classname="Tourze.QUIC.Core.Tests.Enum.ConnectionStateTest" assertions="9" time="0.000086"/>
        <testcase name="testGetDescription" file="/Users/air/work/source/php-monorepo/packages/quic-core/tests/Enum/ConnectionStateTest.php" line="194" class="Tourze\QUIC\Core\Tests\Enum\ConnectionStateTest" classname="Tourze.QUIC.Core.Tests.Enum.ConnectionStateTest" assertions="6" time="0.000077"/>
      </testsuite>
      <testsuite name="Tourze\QUIC\Core\Tests\Enum\ECNStateTest" file="/Users/air/work/source/php-monorepo/packages/quic-core/tests/Enum/ECNStateTest.php" tests="5" assertions="20" errors="0" failures="0" skipped="0" time="0.000394">
        <testcase name="testEnumValues" file="/Users/air/work/source/php-monorepo/packages/quic-core/tests/Enum/ECNStateTest.php" line="20" class="Tourze\QUIC\Core\Tests\Enum\ECNStateTest" classname="Tourze.QUIC.Core.Tests.Enum.ECNStateTest" assertions="4" time="0.000143"/>
        <testcase name="testIsCapable" file="/Users/air/work/source/php-monorepo/packages/quic-core/tests/Enum/ECNStateTest.php" line="31" class="Tourze\QUIC\Core\Tests\Enum\ECNStateTest" classname="Tourze.QUIC.Core.Tests.Enum.ECNStateTest" assertions="4" time="0.000064"/>
        <testcase name="testIsTesting" file="/Users/air/work/source/php-monorepo/packages/quic-core/tests/Enum/ECNStateTest.php" line="42" class="Tourze\QUIC\Core\Tests\Enum\ECNStateTest" classname="Tourze.QUIC.Core.Tests.Enum.ECNStateTest" assertions="4" time="0.000061"/>
        <testcase name="testIsFailed" file="/Users/air/work/source/php-monorepo/packages/quic-core/tests/Enum/ECNStateTest.php" line="53" class="Tourze\QUIC\Core\Tests\Enum\ECNStateTest" classname="Tourze.QUIC.Core.Tests.Enum.ECNStateTest" assertions="4" time="0.000060"/>
        <testcase name="testGetDescription" file="/Users/air/work/source/php-monorepo/packages/quic-core/tests/Enum/ECNStateTest.php" line="64" class="Tourze\QUIC\Core\Tests\Enum\ECNStateTest" classname="Tourze.QUIC.Core.Tests.Enum.ECNStateTest" assertions="4" time="0.000066"/>
      </testsuite>
      <testsuite name="Tourze\QUIC\Core\Tests\Enum\FrameTypeTest" file="/Users/air/work/source/php-monorepo/packages/quic-core/tests/Enum/FrameTypeTest.php" tests="13" assertions="115" errors="0" failures="0" skipped="0" time="0.001153">
        <testcase name="testIsStreamFrame" file="/Users/air/work/source/php-monorepo/packages/quic-core/tests/Enum/FrameTypeTest.php" line="20" class="Tourze\QUIC\Core\Tests\Enum\FrameTypeTest" classname="Tourze.QUIC.Core.Tests.Enum.FrameTypeTest" assertions="12" time="0.000213"/>
        <testcase name="testIsFlowControlled" file="/Users/air/work/source/php-monorepo/packages/quic-core/tests/Enum/FrameTypeTest.php" line="42" class="Tourze\QUIC\Core\Tests\Enum\FrameTypeTest" classname="Tourze.QUIC.Core.Tests.Enum.FrameTypeTest" assertions="9" time="0.000084"/>
        <testcase name="testNeedsReliableDelivery" file="/Users/air/work/source/php-monorepo/packages/quic-core/tests/Enum/FrameTypeTest.php" line="63" class="Tourze\QUIC\Core\Tests\Enum\FrameTypeTest" classname="Tourze.QUIC.Core.Tests.Enum.FrameTypeTest" assertions="10" time="0.000084"/>
        <testcase name="testIsFlowControl" file="/Users/air/work/source/php-monorepo/packages/quic-core/tests/Enum/FrameTypeTest.php" line="83" class="Tourze\QUIC\Core\Tests\Enum\FrameTypeTest" classname="Tourze.QUIC.Core.Tests.Enum.FrameTypeTest" assertions="10" time="0.000082"/>
        <testcase name="testIsConnectionManagement" file="/Users/air/work/source/php-monorepo/packages/quic-core/tests/Enum/FrameTypeTest.php" line="102" class="Tourze\QUIC\Core\Tests\Enum\FrameTypeTest" classname="Tourze.QUIC.Core.Tests.Enum.FrameTypeTest" assertions="10" time="0.000084"/>
        <testcase name="testIsAckFrame" file="/Users/air/work/source/php-monorepo/packages/quic-core/tests/Enum/FrameTypeTest.php" line="121" class="Tourze\QUIC\Core\Tests\Enum\FrameTypeTest" classname="Tourze.QUIC.Core.Tests.Enum.FrameTypeTest" assertions="4" time="0.000062"/>
        <testcase name="testHasOffset" file="/Users/air/work/source/php-monorepo/packages/quic-core/tests/Enum/FrameTypeTest.php" line="133" class="Tourze\QUIC\Core\Tests\Enum\FrameTypeTest" classname="Tourze.QUIC.Core.Tests.Enum.FrameTypeTest" assertions="10" time="0.000080"/>
        <testcase name="testHasLength" file="/Users/air/work/source/php-monorepo/packages/quic-core/tests/Enum/FrameTypeTest.php" line="153" class="Tourze\QUIC\Core\Tests\Enum\FrameTypeTest" classname="Tourze.QUIC.Core.Tests.Enum.FrameTypeTest" assertions="9" time="0.000078"/>
        <testcase name="testHasFin" file="/Users/air/work/source/php-monorepo/packages/quic-core/tests/Enum/FrameTypeTest.php" line="172" class="Tourze\QUIC\Core\Tests\Enum\FrameTypeTest" classname="Tourze.QUIC.Core.Tests.Enum.FrameTypeTest" assertions="9" time="0.000076"/>
        <testcase name="testAllowedInInitial" file="/Users/air/work/source/php-monorepo/packages/quic-core/tests/Enum/FrameTypeTest.php" line="191" class="Tourze\QUIC\Core\Tests\Enum\FrameTypeTest" classname="Tourze.QUIC.Core.Tests.Enum.FrameTypeTest" assertions="9" time="0.000079"/>
        <testcase name="testAllowedInHandshake" file="/Users/air/work/source/php-monorepo/packages/quic-core/tests/Enum/FrameTypeTest.php" line="208" class="Tourze\QUIC\Core\Tests\Enum\FrameTypeTest" classname="Tourze.QUIC.Core.Tests.Enum.FrameTypeTest" assertions="9" time="0.000079"/>
        <testcase name="testAllowedIn1RTT" file="/Users/air/work/source/php-monorepo/packages/quic-core/tests/Enum/FrameTypeTest.php" line="225" class="Tourze\QUIC\Core\Tests\Enum\FrameTypeTest" classname="Tourze.QUIC.Core.Tests.Enum.FrameTypeTest" assertions="5" time="0.000064"/>
        <testcase name="testGetDescription" file="/Users/air/work/source/php-monorepo/packages/quic-core/tests/Enum/FrameTypeTest.php" line="238" class="Tourze\QUIC\Core\Tests\Enum\FrameTypeTest" classname="Tourze.QUIC.Core.Tests.Enum.FrameTypeTest" assertions="9" time="0.000088"/>
      </testsuite>
      <testsuite name="Tourze\QUIC\Core\Tests\Enum\PacketTypeTest" file="/Users/air/work/source/php-monorepo/packages/quic-core/tests/Enum/PacketTypeTest.php" tests="10" assertions="50" errors="0" failures="0" skipped="0" time="0.001998">
        <testcase name="testEnumValues" file="/Users/air/work/source/php-monorepo/packages/quic-core/tests/Enum/PacketTypeTest.php" line="20" class="Tourze\QUIC\Core\Tests\Enum\PacketTypeTest" classname="Tourze.QUIC.Core.Tests.Enum.PacketTypeTest" assertions="5" time="0.000144"/>
        <testcase name="testIsLongHeader" file="/Users/air/work/source/php-monorepo/packages/quic-core/tests/Enum/PacketTypeTest.php" line="32" class="Tourze\QUIC\Core\Tests\Enum\PacketTypeTest" classname="Tourze.QUIC.Core.Tests.Enum.PacketTypeTest" assertions="5" time="0.000069"/>
        <testcase name="testIsEncrypted" file="/Users/air/work/source/php-monorepo/packages/quic-core/tests/Enum/PacketTypeTest.php" line="44" class="Tourze\QUIC\Core\Tests\Enum\PacketTypeTest" classname="Tourze.QUIC.Core.Tests.Enum.PacketTypeTest" assertions="5" time="0.000212"/>
        <testcase name="testIsHandshakePacket" file="/Users/air/work/source/php-monorepo/packages/quic-core/tests/Enum/PacketTypeTest.php" line="56" class="Tourze\QUIC\Core\Tests\Enum\PacketTypeTest" classname="Tourze.QUIC.Core.Tests.Enum.PacketTypeTest" assertions="5" time="0.000350"/>
        <testcase name="testHasConnectionId" file="/Users/air/work/source/php-monorepo/packages/quic-core/tests/Enum/PacketTypeTest.php" line="68" class="Tourze\QUIC\Core\Tests\Enum\PacketTypeTest" classname="Tourze.QUIC.Core.Tests.Enum.PacketTypeTest" assertions="5" time="0.000216"/>
        <testcase name="testCanContainAck" file="/Users/air/work/source/php-monorepo/packages/quic-core/tests/Enum/PacketTypeTest.php" line="80" class="Tourze\QUIC\Core\Tests\Enum\PacketTypeTest" classname="Tourze.QUIC.Core.Tests.Enum.PacketTypeTest" assertions="5" time="0.000201"/>
        <testcase name="testCanContainCrypto" file="/Users/air/work/source/php-monorepo/packages/quic-core/tests/Enum/PacketTypeTest.php" line="92" class="Tourze\QUIC\Core\Tests\Enum\PacketTypeTest" classname="Tourze.QUIC.Core.Tests.Enum.PacketTypeTest" assertions="5" time="0.000194"/>
        <testcase name="testGetName" file="/Users/air/work/source/php-monorepo/packages/quic-core/tests/Enum/PacketTypeTest.php" line="104" class="Tourze\QUIC\Core\Tests\Enum\PacketTypeTest" classname="Tourze.QUIC.Core.Tests.Enum.PacketTypeTest" assertions="5" time="0.000200"/>
        <testcase name="testGetDescription" file="/Users/air/work/source/php-monorepo/packages/quic-core/tests/Enum/PacketTypeTest.php" line="116" class="Tourze\QUIC\Core\Tests\Enum\PacketTypeTest" classname="Tourze.QUIC.Core.Tests.Enum.PacketTypeTest" assertions="5" time="0.000222"/>
        <testcase name="testGetHeaderType" file="/Users/air/work/source/php-monorepo/packages/quic-core/tests/Enum/PacketTypeTest.php" line="128" class="Tourze\QUIC\Core\Tests\Enum\PacketTypeTest" classname="Tourze.QUIC.Core.Tests.Enum.PacketTypeTest" assertions="5" time="0.000191"/>
      </testsuite>
      <testsuite name="Tourze\QUIC\Core\Tests\Enum\PathStateTest" file="/Users/air/work/source/php-monorepo/packages/quic-core/tests/Enum/PathStateTest.php" tests="5" assertions="20" errors="0" failures="0" skipped="0" time="0.001110">
        <testcase name="testEnumValues" file="/Users/air/work/source/php-monorepo/packages/quic-core/tests/Enum/PathStateTest.php" line="20" class="Tourze\QUIC\Core\Tests\Enum\PathStateTest" classname="Tourze.QUIC.Core.Tests.Enum.PathStateTest" assertions="4" time="0.000399"/>
        <testcase name="testIsValidated" file="/Users/air/work/source/php-monorepo/packages/quic-core/tests/Enum/PathStateTest.php" line="31" class="Tourze\QUIC\Core\Tests\Enum\PathStateTest" classname="Tourze.QUIC.Core.Tests.Enum.PathStateTest" assertions="4" time="0.000179"/>
        <testcase name="testIsValidating" file="/Users/air/work/source/php-monorepo/packages/quic-core/tests/Enum/PathStateTest.php" line="42" class="Tourze\QUIC\Core\Tests\Enum\PathStateTest" classname="Tourze.QUIC.Core.Tests.Enum.PathStateTest" assertions="4" time="0.000167"/>
        <testcase name="testIsActive" file="/Users/air/work/source/php-monorepo/packages/quic-core/tests/Enum/PathStateTest.php" line="53" class="Tourze\QUIC\Core\Tests\Enum\PathStateTest" classname="Tourze.QUIC.Core.Tests.Enum.PathStateTest" assertions="4" time="0.000158"/>
        <testcase name="testGetDescription" file="/Users/air/work/source/php-monorepo/packages/quic-core/tests/Enum/PathStateTest.php" line="64" class="Tourze\QUIC\Core\Tests\Enum\PathStateTest" classname="Tourze.QUIC.Core.Tests.Enum.PathStateTest" assertions="4" time="0.000206"/>
      </testsuite>
      <testsuite name="Tourze\QUIC\Core\Tests\Enum\QuicErrorTest" file="/Users/air/work/source/php-monorepo/packages/quic-core/tests/Enum/QuicErrorTest.php" tests="7" assertions="30" errors="0" failures="0" skipped="0" time="0.000613">
        <testcase name="testEnumValues" file="/Users/air/work/source/php-monorepo/packages/quic-core/tests/Enum/QuicErrorTest.php" line="20" class="Tourze\QUIC\Core\Tests\Enum\QuicErrorTest" classname="Tourze.QUIC.Core.Tests.Enum.QuicErrorTest" assertions="5" time="0.000191"/>
        <testcase name="testIsConnectionError" file="/Users/air/work/source/php-monorepo/packages/quic-core/tests/Enum/QuicErrorTest.php" line="32" class="Tourze\QUIC\Core\Tests\Enum\QuicErrorTest" classname="Tourze.QUIC.Core.Tests.Enum.QuicErrorTest" assertions="4" time="0.000078"/>
        <testcase name="testIsApplicationError" file="/Users/air/work/source/php-monorepo/packages/quic-core/tests/Enum/QuicErrorTest.php" line="43" class="Tourze\QUIC\Core\Tests\Enum\QuicErrorTest" classname="Tourze.QUIC.Core.Tests.Enum.QuicErrorTest" assertions="3" time="0.000068"/>
        <testcase name="testIsCryptoError" file="/Users/air/work/source/php-monorepo/packages/quic-core/tests/Enum/QuicErrorTest.php" line="53" class="Tourze\QUIC\Core\Tests\Enum\QuicErrorTest" classname="Tourze.QUIC.Core.Tests.Enum.QuicErrorTest" assertions="3" time="0.000062"/>
        <testcase name="testIsTransportError" file="/Users/air/work/source/php-monorepo/packages/quic-core/tests/Enum/QuicErrorTest.php" line="63" class="Tourze\QUIC\Core\Tests\Enum\QuicErrorTest" classname="Tourze.QUIC.Core.Tests.Enum.QuicErrorTest" assertions="4" time="0.000068"/>
        <testcase name="testIsFatal" file="/Users/air/work/source/php-monorepo/packages/quic-core/tests/Enum/QuicErrorTest.php" line="74" class="Tourze\QUIC\Core\Tests\Enum\QuicErrorTest" classname="Tourze.QUIC.Core.Tests.Enum.QuicErrorTest" assertions="5" time="0.000068"/>
        <testcase name="testGetDescription" file="/Users/air/work/source/php-monorepo/packages/quic-core/tests/Enum/QuicErrorTest.php" line="86" class="Tourze\QUIC\Core\Tests\Enum\QuicErrorTest" classname="Tourze.QUIC.Core.Tests.Enum.QuicErrorTest" assertions="6" time="0.000079"/>
      </testsuite>
      <testsuite name="Tourze\QUIC\Core\Tests\Enum\StreamRecvStateTest" file="/Users/air/work/source/php-monorepo/packages/quic-core/tests/Enum/StreamRecvStateTest.php" tests="5" assertions="25" errors="0" failures="0" skipped="0" time="0.000421">
        <testcase name="testEnumValues" file="/Users/air/work/source/php-monorepo/packages/quic-core/tests/Enum/StreamRecvStateTest.php" line="20" class="Tourze\QUIC\Core\Tests\Enum\StreamRecvStateTest" classname="Tourze.QUIC.Core.Tests.Enum.StreamRecvStateTest" assertions="5" time="0.000140"/>
        <testcase name="testCanReceiveData" file="/Users/air/work/source/php-monorepo/packages/quic-core/tests/Enum/StreamRecvStateTest.php" line="32" class="Tourze\QUIC\Core\Tests\Enum\StreamRecvStateTest" classname="Tourze.QUIC.Core.Tests.Enum.StreamRecvStateTest" assertions="5" time="0.000073"/>
        <testcase name="testIsReset" file="/Users/air/work/source/php-monorepo/packages/quic-core/tests/Enum/StreamRecvStateTest.php" line="44" class="Tourze\QUIC\Core\Tests\Enum\StreamRecvStateTest" classname="Tourze.QUIC.Core.Tests.Enum.StreamRecvStateTest" assertions="5" time="0.000067"/>
        <testcase name="testIsTerminal" file="/Users/air/work/source/php-monorepo/packages/quic-core/tests/Enum/StreamRecvStateTest.php" line="56" class="Tourze\QUIC\Core\Tests\Enum\StreamRecvStateTest" classname="Tourze.QUIC.Core.Tests.Enum.StreamRecvStateTest" assertions="5" time="0.000067"/>
        <testcase name="testGetDescription" file="/Users/air/work/source/php-monorepo/packages/quic-core/tests/Enum/StreamRecvStateTest.php" line="68" class="Tourze\QUIC\Core\Tests\Enum\StreamRecvStateTest" classname="Tourze.QUIC.Core.Tests.Enum.StreamRecvStateTest" assertions="5" time="0.000074"/>
      </testsuite>
      <testsuite name="Tourze\QUIC\Core\Tests\Enum\StreamSendStateTest" file="/Users/air/work/source/php-monorepo/packages/quic-core/tests/Enum/StreamSendStateTest.php" tests="5" assertions="25" errors="0" failures="0" skipped="0" time="0.000397">
        <testcase name="testEnumValues" file="/Users/air/work/source/php-monorepo/packages/quic-core/tests/Enum/StreamSendStateTest.php" line="20" class="Tourze\QUIC\Core\Tests\Enum\StreamSendStateTest" classname="Tourze.QUIC.Core.Tests.Enum.StreamSendStateTest" assertions="5" time="0.000126"/>
        <testcase name="testCanSendData" file="/Users/air/work/source/php-monorepo/packages/quic-core/tests/Enum/StreamSendStateTest.php" line="32" class="Tourze\QUIC\Core\Tests\Enum\StreamSendStateTest" classname="Tourze.QUIC.Core.Tests.Enum.StreamSendStateTest" assertions="5" time="0.000069"/>
        <testcase name="testIsReset" file="/Users/air/work/source/php-monorepo/packages/quic-core/tests/Enum/StreamSendStateTest.php" line="44" class="Tourze\QUIC\Core\Tests\Enum\StreamSendStateTest" classname="Tourze.QUIC.Core.Tests.Enum.StreamSendStateTest" assertions="5" time="0.000066"/>
        <testcase name="testIsTerminal" file="/Users/air/work/source/php-monorepo/packages/quic-core/tests/Enum/StreamSendStateTest.php" line="56" class="Tourze\QUIC\Core\Tests\Enum\StreamSendStateTest" classname="Tourze.QUIC.Core.Tests.Enum.StreamSendStateTest" assertions="5" time="0.000065"/>
        <testcase name="testGetDescription" file="/Users/air/work/source/php-monorepo/packages/quic-core/tests/Enum/StreamSendStateTest.php" line="68" class="Tourze\QUIC\Core\Tests\Enum\StreamSendStateTest" classname="Tourze.QUIC.Core.Tests.Enum.StreamSendStateTest" assertions="5" time="0.000071"/>
      </testsuite>
      <testsuite name="Tourze\QUIC\Core\Tests\Enum\StreamTypeTest" file="/Users/air/work/source/php-monorepo/packages/quic-core/tests/Enum/StreamTypeTest.php" tests="7" assertions="35" errors="0" failures="0" skipped="0" time="0.000538">
        <testcase name="testEnumValues" file="/Users/air/work/source/php-monorepo/packages/quic-core/tests/Enum/StreamTypeTest.php" line="20" class="Tourze\QUIC\Core\Tests\Enum\StreamTypeTest" classname="Tourze.QUIC.Core.Tests.Enum.StreamTypeTest" assertions="4" time="0.000127"/>
        <testcase name="testIsBidirectional" file="/Users/air/work/source/php-monorepo/packages/quic-core/tests/Enum/StreamTypeTest.php" line="31" class="Tourze\QUIC\Core\Tests\Enum\StreamTypeTest" classname="Tourze.QUIC.Core.Tests.Enum.StreamTypeTest" assertions="4" time="0.000066"/>
        <testcase name="testIsUnidirectional" file="/Users/air/work/source/php-monorepo/packages/quic-core/tests/Enum/StreamTypeTest.php" line="42" class="Tourze\QUIC\Core\Tests\Enum\StreamTypeTest" classname="Tourze.QUIC.Core.Tests.Enum.StreamTypeTest" assertions="4" time="0.000064"/>
        <testcase name="testIsClientInitiated" file="/Users/air/work/source/php-monorepo/packages/quic-core/tests/Enum/StreamTypeTest.php" line="53" class="Tourze\QUIC\Core\Tests\Enum\StreamTypeTest" classname="Tourze.QUIC.Core.Tests.Enum.StreamTypeTest" assertions="4" time="0.000063"/>
        <testcase name="testIsServerInitiated" file="/Users/air/work/source/php-monorepo/packages/quic-core/tests/Enum/StreamTypeTest.php" line="64" class="Tourze\QUIC\Core\Tests\Enum\StreamTypeTest" classname="Tourze.QUIC.Core.Tests.Enum.StreamTypeTest" assertions="4" time="0.000063"/>
        <testcase name="testFromStreamId" file="/Users/air/work/source/php-monorepo/packages/quic-core/tests/Enum/StreamTypeTest.php" line="75" class="Tourze\QUIC\Core\Tests\Enum\StreamTypeTest" classname="Tourze.QUIC.Core.Tests.Enum.StreamTypeTest" assertions="11" time="0.000089"/>
        <testcase name="testGetDescription" file="/Users/air/work/source/php-monorepo/packages/quic-core/tests/Enum/StreamTypeTest.php" line="97" class="Tourze\QUIC\Core\Tests\Enum\StreamTypeTest" classname="Tourze.QUIC.Core.Tests.Enum.StreamTypeTest" assertions="4" time="0.000066"/>
      </testsuite>
      <testsuite name="Tourze\QUIC\Core\Tests\Enum\TLSStateTest" file="/Users/air/work/source/php-monorepo/packages/quic-core/tests/Enum/TLSStateTest.php" tests="5" assertions="45" errors="0" failures="0" skipped="0" time="0.000470">
        <testcase name="testEnumValues" file="/Users/air/work/source/php-monorepo/packages/quic-core/tests/Enum/TLSStateTest.php" line="20" class="Tourze\QUIC\Core\Tests\Enum\TLSStateTest" classname="Tourze.QUIC.Core.Tests.Enum.TLSStateTest" assertions="9" time="0.000140"/>
        <testcase name="testIsHandshaking" file="/Users/air/work/source/php-monorepo/packages/quic-core/tests/Enum/TLSStateTest.php" line="36" class="Tourze\QUIC\Core\Tests\Enum\TLSStateTest" classname="Tourze.QUIC.Core.Tests.Enum.TLSStateTest" assertions="9" time="0.000082"/>
        <testcase name="testIsConnected" file="/Users/air/work/source/php-monorepo/packages/quic-core/tests/Enum/TLSStateTest.php" line="52" class="Tourze\QUIC\Core\Tests\Enum\TLSStateTest" classname="Tourze.QUIC.Core.Tests.Enum.TLSStateTest" assertions="9" time="0.000078"/>
        <testcase name="testIsClosed" file="/Users/air/work/source/php-monorepo/packages/quic-core/tests/Enum/TLSStateTest.php" line="68" class="Tourze\QUIC\Core\Tests\Enum\TLSStateTest" classname="Tourze.QUIC.Core.Tests.Enum.TLSStateTest" assertions="9" time="0.000078"/>
        <testcase name="testGetDescription" file="/Users/air/work/source/php-monorepo/packages/quic-core/tests/Enum/TLSStateTest.php" line="84" class="Tourze\QUIC\Core\Tests\Enum\TLSStateTest" classname="Tourze.QUIC.Core.Tests.Enum.TLSStateTest" assertions="9" time="0.000091"/>
      </testsuite>
      <testsuite name="Tourze\QUIC\Core\Tests\Exception\ConnectionExceptionTest" file="/Users/air/work/source/php-monorepo/packages/quic-core/tests/Exception/ConnectionExceptionTest.php" tests="8" assertions="53" errors="0" failures="0" skipped="0" time="0.000842">
        <testcase name="testRefused" file="/Users/air/work/source/php-monorepo/packages/quic-core/tests/Exception/ConnectionExceptionTest.php" line="21" class="Tourze\QUIC\Core\Tests\Exception\ConnectionExceptionTest" classname="Tourze.QUIC.Core.Tests.Exception.ConnectionExceptionTest" assertions="6" time="0.000207"/>
        <testcase name="testProtocolViolation" file="/Users/air/work/source/php-monorepo/packages/quic-core/tests/Exception/ConnectionExceptionTest.php" line="39" class="Tourze\QUIC\Core\Tests\Exception\ConnectionExceptionTest" classname="Tourze.QUIC.Core.Tests.Exception.ConnectionExceptionTest" assertions="6" time="0.000087"/>
        <testcase name="testInternalError" file="/Users/air/work/source/php-monorepo/packages/quic-core/tests/Exception/ConnectionExceptionTest.php" line="57" class="Tourze\QUIC\Core\Tests\Exception\ConnectionExceptionTest" classname="Tourze.QUIC.Core.Tests.Exception.ConnectionExceptionTest" assertions="6" time="0.000076"/>
        <testcase name="testInvalidToken" file="/Users/air/work/source/php-monorepo/packages/quic-core/tests/Exception/ConnectionExceptionTest.php" line="75" class="Tourze\QUIC\Core\Tests\Exception\ConnectionExceptionTest" classname="Tourze.QUIC.Core.Tests.Exception.ConnectionExceptionTest" assertions="5" time="0.000073"/>
        <testcase name="testConnectionIdLimit" file="/Users/air/work/source/php-monorepo/packages/quic-core/tests/Exception/ConnectionExceptionTest.php" line="92" class="Tourze\QUIC\Core\Tests\Exception\ConnectionExceptionTest" classname="Tourze.QUIC.Core.Tests.Exception.ConnectionExceptionTest" assertions="5" time="0.000073"/>
        <testcase name="testNoViablePath" file="/Users/air/work/source/php-monorepo/packages/quic-core/tests/Exception/ConnectionExceptionTest.php" line="109" class="Tourze\QUIC\Core\Tests\Exception\ConnectionExceptionTest" classname="Tourze.QUIC.Core.Tests.Exception.ConnectionExceptionTest" assertions="5" time="0.000071"/>
        <testcase name="testInheritance" file="/Users/air/work/source/php-monorepo/packages/quic-core/tests/Exception/ConnectionExceptionTest.php" line="126" class="Tourze\QUIC\Core\Tests\Exception\ConnectionExceptionTest" classname="Tourze.QUIC.Core.Tests.Exception.ConnectionExceptionTest" assertions="2" time="0.000123"/>
        <testcase name="testErrorClassification" file="/Users/air/work/source/php-monorepo/packages/quic-core/tests/Exception/ConnectionExceptionTest.php" line="137" class="Tourze\QUIC\Core\Tests\Exception\ConnectionExceptionTest" classname="Tourze.QUIC.Core.Tests.Exception.ConnectionExceptionTest" assertions="18" time="0.000133"/>
      </testsuite>
      <testsuite name="Tourze\QUIC\Core\Tests\Exception\QuicExceptionTest" file="/Users/air/work/source/php-monorepo/packages/quic-core/tests/Exception/QuicExceptionTest.php" tests="8" assertions="75" errors="0" failures="0" skipped="0" time="0.001131">
        <testcase name="testCreateBasicException" file="/Users/air/work/source/php-monorepo/packages/quic-core/tests/Exception/QuicExceptionTest.php" line="22" class="Tourze\QUIC\Core\Tests\Exception\QuicExceptionTest" classname="Tourze.QUIC.Core.Tests.Exception.QuicExceptionTest" assertions="3" time="0.000162"/>
        <testcase name="testCreateWithPreviousException" file="/Users/air/work/source/php-monorepo/packages/quic-core/tests/Exception/QuicExceptionTest.php" line="34" class="Tourze\QUIC\Core\Tests\Exception\QuicExceptionTest" classname="Tourze.QUIC.Core.Tests.Exception.QuicExceptionTest" assertions="3" time="0.000103"/>
        <testcase name="testIsConnectionError" file="/Users/air/work/source/php-monorepo/packages/quic-core/tests/Exception/QuicExceptionTest.php" line="47" class="Tourze\QUIC\Core\Tests\Exception\QuicExceptionTest" classname="Tourze.QUIC.Core.Tests.Exception.QuicExceptionTest" assertions="3" time="0.000150"/>
        <testcase name="testIsApplicationError" file="/Users/air/work/source/php-monorepo/packages/quic-core/tests/Exception/QuicExceptionTest.php" line="61" class="Tourze\QUIC\Core\Tests\Exception\QuicExceptionTest" classname="Tourze.QUIC.Core.Tests.Exception.QuicExceptionTest" assertions="3" time="0.000099"/>
        <testcase name="testIsFatal" file="/Users/air/work/source/php-monorepo/packages/quic-core/tests/Exception/QuicExceptionTest.php" line="75" class="Tourze\QUIC\Core\Tests\Exception\QuicExceptionTest" classname="Tourze.QUIC.Core.Tests.Exception.QuicExceptionTest" assertions="2" time="0.000069"/>
        <testcase name="testGetErrorDescription" file="/Users/air/work/source/php-monorepo/packages/quic-core/tests/Exception/QuicExceptionTest.php" line="87" class="Tourze\QUIC\Core\Tests\Exception\QuicExceptionTest" classname="Tourze.QUIC.Core.Tests.Exception.QuicExceptionTest" assertions="2" time="0.000071"/>
        <testcase name="testToString" file="/Users/air/work/source/php-monorepo/packages/quic-core/tests/Exception/QuicExceptionTest.php" line="99" class="Tourze\QUIC\Core\Tests\Exception\QuicExceptionTest" classname="Tourze.QUIC.Core.Tests.Exception.QuicExceptionTest" assertions="5" time="0.000196"/>
        <testcase name="testAllErrorCodes" file="/Users/air/work/source/php-monorepo/packages/quic-core/tests/Exception/QuicExceptionTest.php" line="114" class="Tourze\QUIC\Core\Tests\Exception\QuicExceptionTest" classname="Tourze.QUIC.Core.Tests.Exception.QuicExceptionTest" assertions="54" time="0.000281"/>
      </testsuite>
      <testsuite name="Tourze\QUIC\Core\Tests\VariableIntegerTest" file="/Users/air/work/source/php-monorepo/packages/quic-core/tests/VariableIntegerTest.php" tests="22" assertions="84" errors="0" failures="0" skipped="0" time="0.008913">
        <testcase name="testEncode1Byte" file="/Users/air/work/source/php-monorepo/packages/quic-core/tests/VariableIntegerTest.php" line="22" class="Tourze\QUIC\Core\Tests\VariableIntegerTest" classname="Tourze.QUIC.Core.Tests.VariableIntegerTest" assertions="3" time="0.000230"/>
        <testcase name="testEncode2Byte" file="/Users/air/work/source/php-monorepo/packages/quic-core/tests/VariableIntegerTest.php" line="35" class="Tourze\QUIC\Core\Tests\VariableIntegerTest" classname="Tourze.QUIC.Core.Tests.VariableIntegerTest" assertions="3" time="0.000076"/>
        <testcase name="testEncode4Byte" file="/Users/air/work/source/php-monorepo/packages/quic-core/tests/VariableIntegerTest.php" line="48" class="Tourze\QUIC\Core\Tests\VariableIntegerTest" classname="Tourze.QUIC.Core.Tests.VariableIntegerTest" assertions="3" time="0.000069"/>
        <testcase name="testEncode8Byte" file="/Users/air/work/source/php-monorepo/packages/quic-core/tests/VariableIntegerTest.php" line="61" class="Tourze\QUIC\Core\Tests\VariableIntegerTest" classname="Tourze.QUIC.Core.Tests.VariableIntegerTest" assertions="2" time="0.000060"/>
        <testcase name="testEncodeInvalidValues" file="/Users/air/work/source/php-monorepo/packages/quic-core/tests/VariableIntegerTest.php" line="71" class="Tourze\QUIC\Core\Tests\VariableIntegerTest" classname="Tourze.QUIC.Core.Tests.VariableIntegerTest" assertions="2" time="0.000069"/>
        <testcase name="testEncodeOutOfRange" file="/Users/air/work/source/php-monorepo/packages/quic-core/tests/VariableIntegerTest.php" line="82" class="Tourze\QUIC\Core\Tests\VariableIntegerTest" classname="Tourze.QUIC.Core.Tests.VariableIntegerTest" assertions="2" time="0.000061"/>
        <testcase name="testDecode1Byte" file="/Users/air/work/source/php-monorepo/packages/quic-core/tests/VariableIntegerTest.php" line="92" class="Tourze\QUIC\Core\Tests\VariableIntegerTest" classname="Tourze.QUIC.Core.Tests.VariableIntegerTest" assertions="3" time="0.000091"/>
        <testcase name="testDecode2Byte" file="/Users/air/work/source/php-monorepo/packages/quic-core/tests/VariableIntegerTest.php" line="102" class="Tourze\QUIC\Core\Tests\VariableIntegerTest" classname="Tourze.QUIC.Core.Tests.VariableIntegerTest" assertions="3" time="0.000083"/>
        <testcase name="testDecode4Byte" file="/Users/air/work/source/php-monorepo/packages/quic-core/tests/VariableIntegerTest.php" line="112" class="Tourze\QUIC\Core\Tests\VariableIntegerTest" classname="Tourze.QUIC.Core.Tests.VariableIntegerTest" assertions="3" time="0.000082"/>
        <testcase name="testDecode8Byte" file="/Users/air/work/source/php-monorepo/packages/quic-core/tests/VariableIntegerTest.php" line="122" class="Tourze\QUIC\Core\Tests\VariableIntegerTest" classname="Tourze.QUIC.Core.Tests.VariableIntegerTest" assertions="2" time="0.000075"/>
        <testcase name="testDecodeWithOffset" file="/Users/air/work/source/php-monorepo/packages/quic-core/tests/VariableIntegerTest.php" line="131" class="Tourze\QUIC\Core\Tests\VariableIntegerTest" classname="Tourze.QUIC.Core.Tests.VariableIntegerTest" assertions="2" time="0.000080"/>
        <testcase name="testDecodeInsufficientData" file="/Users/air/work/source/php-monorepo/packages/quic-core/tests/VariableIntegerTest.php" line="141" class="Tourze\QUIC\Core\Tests\VariableIntegerTest" classname="Tourze.QUIC.Core.Tests.VariableIntegerTest" assertions="2" time="0.000069"/>
        <testcase name="testDecodeOffsetOutOfRange" file="/Users/air/work/source/php-monorepo/packages/quic-core/tests/VariableIntegerTest.php" line="151" class="Tourze\QUIC\Core\Tests\VariableIntegerTest" classname="Tourze.QUIC.Core.Tests.VariableIntegerTest" assertions="2" time="0.001323"/>
        <testcase name="testDecodeNegativeOffset" file="/Users/air/work/source/php-monorepo/packages/quic-core/tests/VariableIntegerTest.php" line="161" class="Tourze\QUIC\Core\Tests\VariableIntegerTest" classname="Tourze.QUIC.Core.Tests.VariableIntegerTest" assertions="2" time="0.000146"/>
        <testcase name="testGetLength" file="/Users/air/work/source/php-monorepo/packages/quic-core/tests/VariableIntegerTest.php" line="171" class="Tourze\QUIC\Core\Tests\VariableIntegerTest" classname="Tourze.QUIC.Core.Tests.VariableIntegerTest" assertions="8" time="0.000441"/>
        <testcase name="testGetLengthInvalidValue" file="/Users/air/work/source/php-monorepo/packages/quic-core/tests/VariableIntegerTest.php" line="186" class="Tourze\QUIC\Core\Tests\VariableIntegerTest" classname="Tourze.QUIC.Core.Tests.VariableIntegerTest" assertions="2" time="0.000169"/>
        <testcase name="testHasCompleteVarint" file="/Users/air/work/source/php-monorepo/packages/quic-core/tests/VariableIntegerTest.php" line="196" class="Tourze\QUIC\Core\Tests\VariableIntegerTest" classname="Tourze.QUIC.Core.Tests.VariableIntegerTest" assertions="9" time="0.000300"/>
        <testcase name="testGetEncodingType" file="/Users/air/work/source/php-monorepo/packages/quic-core/tests/VariableIntegerTest.php" line="219" class="Tourze\QUIC\Core\Tests\VariableIntegerTest" classname="Tourze.QUIC.Core.Tests.VariableIntegerTest" assertions="4" time="0.000341"/>
        <testcase name="testEncodeMultiple" file="/Users/air/work/source/php-monorepo/packages/quic-core/tests/VariableIntegerTest.php" line="230" class="Tourze\QUIC\Core\Tests\VariableIntegerTest" classname="Tourze.QUIC.Core.Tests.VariableIntegerTest" assertions="1" time="0.000198"/>
        <testcase name="testDecodeMultiple" file="/Users/air/work/source/php-monorepo/packages/quic-core/tests/VariableIntegerTest.php" line="240" class="Tourze\QUIC\Core\Tests\VariableIntegerTest" classname="Tourze.QUIC.Core.Tests.VariableIntegerTest" assertions="2" time="0.000237"/>
        <testcase name="testRoundTrip" file="/Users/air/work/source/php-monorepo/packages/quic-core/tests/VariableIntegerTest.php" line="252" class="Tourze\QUIC\Core\Tests\VariableIntegerTest" classname="Tourze.QUIC.Core.Tests.VariableIntegerTest" assertions="22" time="0.000517"/>
        <testcase name="testPerformance" file="/Users/air/work/source/php-monorepo/packages/quic-core/tests/VariableIntegerTest.php" line="271" class="Tourze\QUIC\Core\Tests\VariableIntegerTest" classname="Tourze.QUIC.Core.Tests.VariableIntegerTest" assertions="2" time="0.004196"/>
      </testsuite>
    </testsuite>
  </testsuite>
</testsuites>
